Archive member included to satisfy reference by file (symbol)

c:/st/stm32cubeide_1.2.0/stm32cubeide/plugins/com.st.stm32cube.ide.mcu.externaltools.gnu-tools-for-stm32.7-2018-q2-update.win32_1.0.0.201904181610/tools/bin/../lib/gcc/arm-none-eabi/7.3.1/../../../../arm-none-eabi/lib/thumb/v7e-m/fpv4-sp/hard\libc_nano.a(lib_a-errno.o)
                              Src/syscalls.o (__errno)
c:/st/stm32cubeide_1.2.0/stm32cubeide/plugins/com.st.stm32cube.ide.mcu.externaltools.gnu-tools-for-stm32.7-2018-q2-update.win32_1.0.0.201904181610/tools/bin/../lib/gcc/arm-none-eabi/7.3.1/../../../../arm-none-eabi/lib/thumb/v7e-m/fpv4-sp/hard\libc_nano.a(lib_a-exit.o)
                              c:/st/stm32cubeide_1.2.0/stm32cubeide/plugins/com.st.stm32cube.ide.mcu.externaltools.gnu-tools-for-stm32.7-2018-q2-update.win32_1.0.0.201904181610/tools/bin/../lib/gcc/arm-none-eabi/7.3.1/../../../../arm-none-eabi/lib/thumb/v7e-m/fpv4-sp/hard/crt0.o (exit)
c:/st/stm32cubeide_1.2.0/stm32cubeide/plugins/com.st.stm32cube.ide.mcu.externaltools.gnu-tools-for-stm32.7-2018-q2-update.win32_1.0.0.201904181610/tools/bin/../lib/gcc/arm-none-eabi/7.3.1/../../../../arm-none-eabi/lib/thumb/v7e-m/fpv4-sp/hard\libc_nano.a(lib_a-fflush.o)
                              Src/009command_spi_it.o (fflush)
c:/st/stm32cubeide_1.2.0/stm32cubeide/plugins/com.st.stm32cube.ide.mcu.externaltools.gnu-tools-for-stm32.7-2018-q2-update.win32_1.0.0.201904181610/tools/bin/../lib/gcc/arm-none-eabi/7.3.1/../../../../arm-none-eabi/lib/thumb/v7e-m/fpv4-sp/hard\libc_nano.a(lib_a-findfp.o)
                              c:/st/stm32cubeide_1.2.0/stm32cubeide/plugins/com.st.stm32cube.ide.mcu.externaltools.gnu-tools-for-stm32.7-2018-q2-update.win32_1.0.0.201904181610/tools/bin/../lib/gcc/arm-none-eabi/7.3.1/../../../../arm-none-eabi/lib/thumb/v7e-m/fpv4-sp/hard\libc_nano.a(lib_a-fflush.o) (__sinit)
c:/st/stm32cubeide_1.2.0/stm32cubeide/plugins/com.st.stm32cube.ide.mcu.externaltools.gnu-tools-for-stm32.7-2018-q2-update.win32_1.0.0.201904181610/tools/bin/../lib/gcc/arm-none-eabi/7.3.1/../../../../arm-none-eabi/lib/thumb/v7e-m/fpv4-sp/hard\libc_nano.a(lib_a-fwalk.o)
                              c:/st/stm32cubeide_1.2.0/stm32cubeide/plugins/com.st.stm32cube.ide.mcu.externaltools.gnu-tools-for-stm32.7-2018-q2-update.win32_1.0.0.201904181610/tools/bin/../lib/gcc/arm-none-eabi/7.3.1/../../../../arm-none-eabi/lib/thumb/v7e-m/fpv4-sp/hard\libc_nano.a(lib_a-findfp.o) (_fwalk)
c:/st/stm32cubeide_1.2.0/stm32cubeide/plugins/com.st.stm32cube.ide.mcu.externaltools.gnu-tools-for-stm32.7-2018-q2-update.win32_1.0.0.201904181610/tools/bin/../lib/gcc/arm-none-eabi/7.3.1/../../../../arm-none-eabi/lib/thumb/v7e-m/fpv4-sp/hard\libc_nano.a(lib_a-impure.o)
                              c:/st/stm32cubeide_1.2.0/stm32cubeide/plugins/com.st.stm32cube.ide.mcu.externaltools.gnu-tools-for-stm32.7-2018-q2-update.win32_1.0.0.201904181610/tools/bin/../lib/gcc/arm-none-eabi/7.3.1/../../../../arm-none-eabi/lib/thumb/v7e-m/fpv4-sp/hard\libc_nano.a(lib_a-exit.o) (_global_impure_ptr)
c:/st/stm32cubeide_1.2.0/stm32cubeide/plugins/com.st.stm32cube.ide.mcu.externaltools.gnu-tools-for-stm32.7-2018-q2-update.win32_1.0.0.201904181610/tools/bin/../lib/gcc/arm-none-eabi/7.3.1/../../../../arm-none-eabi/lib/thumb/v7e-m/fpv4-sp/hard\libc_nano.a(lib_a-init.o)
                              c:/st/stm32cubeide_1.2.0/stm32cubeide/plugins/com.st.stm32cube.ide.mcu.externaltools.gnu-tools-for-stm32.7-2018-q2-update.win32_1.0.0.201904181610/tools/bin/../lib/gcc/arm-none-eabi/7.3.1/../../../../arm-none-eabi/lib/thumb/v7e-m/fpv4-sp/hard/crt0.o (__libc_init_array)
c:/st/stm32cubeide_1.2.0/stm32cubeide/plugins/com.st.stm32cube.ide.mcu.externaltools.gnu-tools-for-stm32.7-2018-q2-update.win32_1.0.0.201904181610/tools/bin/../lib/gcc/arm-none-eabi/7.3.1/../../../../arm-none-eabi/lib/thumb/v7e-m/fpv4-sp/hard\libc_nano.a(lib_a-memset.o)
                              c:/st/stm32cubeide_1.2.0/stm32cubeide/plugins/com.st.stm32cube.ide.mcu.externaltools.gnu-tools-for-stm32.7-2018-q2-update.win32_1.0.0.201904181610/tools/bin/../lib/gcc/arm-none-eabi/7.3.1/../../../../arm-none-eabi/lib/thumb/v7e-m/fpv4-sp/hard/crt0.o (memset)
c:/st/stm32cubeide_1.2.0/stm32cubeide/plugins/com.st.stm32cube.ide.mcu.externaltools.gnu-tools-for-stm32.7-2018-q2-update.win32_1.0.0.201904181610/tools/bin/../lib/gcc/arm-none-eabi/7.3.1/../../../../arm-none-eabi/lib/thumb/v7e-m/fpv4-sp/hard\libc_nano.a(lib_a-nano-freer.o)
                              c:/st/stm32cubeide_1.2.0/stm32cubeide/plugins/com.st.stm32cube.ide.mcu.externaltools.gnu-tools-for-stm32.7-2018-q2-update.win32_1.0.0.201904181610/tools/bin/../lib/gcc/arm-none-eabi/7.3.1/../../../../arm-none-eabi/lib/thumb/v7e-m/fpv4-sp/hard\libc_nano.a(lib_a-fflush.o) (_free_r)
[...]
Memory Configuration

Name             Origin             Length             Attributes
RAM              0x0000000020000000 0x0000000000020000 xrw
ROM              0x0000000008000000 0x0000000000100000 xr
*default*        0x0000000000000000 0xffffffffffffffff

Linker script and memory map

LOAD c:/st/stm32cubeide_1.2.0/stm32cubeide/plugins/com.st.stm32cube.ide.mcu.externaltools.gnu-tools-for-stm32.7-2018-q2-update.win32_1.0.0.201904181610/tools/bin/../lib/gcc/arm-none-eabi/7.3.1/thumb/v7e-m/fpv4-sp/hard/crti.o
LOAD c:/st/stm32cubeide_1.2.0/stm32cubeide/plugins/com.st.stm32cube.ide.mcu.externaltools.gnu-tools-for-stm32.7-2018-q2-update.win32_1.0.0.201904181610/tools/bin/../lib/gcc/arm-none-eabi/7.3.1/thumb/v7e-m/fpv4-sp/hard/crtbegin.o
LOAD c:/st/stm32cubeide_1.2.0/stm32cubeide/plugins/com.st.stm32cube.ide.mcu.externaltools.gnu-tools-for-stm32.7-2018-q2-update.win32_1.0.0.201904181610/tools/bin/../lib/gcc/arm-none-eabi/7.3.1/../../../../arm-none-eabi/lib/thumb/v7e-m/fpv4-sp/hard/crt0.o
LOAD Src/009command_spi_it.o
LOAD Src/main.o
LOAD Src/syscalls.o
LOAD Src/sysmem.o
LOAD Startup/startup_stm32f407vgtx.o
LOAD drivers/Src/stm32f407xx_gpio_driver.o
LOAD drivers/Src/stm32f407xx_spi_driver.o
START GROUP
LOAD c:/st/stm32cubeide_1.2.0/stm32cubeide/plugins/com.st.stm32cube.ide.mcu.externaltools.gnu-tools-for-stm32.7-2018-q2-update.win32_1.0.0.201904181610/tools/bin/../lib/gcc/arm-none-eabi/7.3.1/../../../../arm-none-eabi/lib/thumb/v7e-m/fpv4-sp/hard\libc_nano.a
LOAD c:/st/stm32cubeide_1.2.0/stm32cubeide/plugins/com.st.stm32cube.ide.mcu.externaltools.gnu-tools-for-stm32.7-2018-q2-update.win32_1.0.0.201904181610/tools/bin/../lib/gcc/arm-none-eabi/7.3.1/../../../../arm-none-eabi/lib/thumb/v7e-m/fpv4-sp/hard\libm.a
END GROUP
START GROUP
LOAD c:/st/stm32cubeide_1.2.0/stm32cubeide/plugins/com.st.stm32cube.ide.mcu.externaltools.gnu-tools-for-stm32.7-2018-q2-update.win32_1.0.0.201904181610/tools/bin/../lib/gcc/arm-none-eabi/7.3.1/thumb/v7e-m/fpv4-sp/hard\libgcc.a
LOAD c:/st/stm32cubeide_1.2.0/stm32cubeide/plugins/com.st.stm32cube.ide.mcu.externaltools.gnu-tools-for-stm32.7-2018-q2-update.win32_1.0.0.201904181610/tools/bin/../lib/gcc/arm-none-eabi/7.3.1/../../../../arm-none-eabi/lib/thumb/v7e-m/fpv4-sp/hard\libc_nano.a
END GROUP
START GROUP
LOAD c:/st/stm32cubeide_1.2.0/stm32cubeide/plugins/com.st.stm32cube.ide.mcu.externaltools.gnu-tools-for-stm32.7-2018-q2-update.win32_1.0.0.201904181610/tools/bin/../lib/gcc/arm-none-eabi/7.3.1/thumb/v7e-m/fpv4-sp/hard\libgcc.a
LOAD c:/st/stm32cubeide_1.2.0/stm32cubeide/plugins/com.st.stm32cube.ide.mcu.externaltools.gnu-tools-for-stm32.7-2018-q2-update.win32_1.0.0.201904181610/tools/bin/../lib/gcc/arm-none-eabi/7.3.1/../../../../arm-none-eabi/lib/thumb/v7e-m/fpv4-sp/hard\libc_nano.a
LOAD c:/st/stm32cubeide_1.2.0/stm32cubeide/plugins/com.st.stm32cube.ide.mcu.externaltools.gnu-tools-for-stm32.7-2018-q2-update.win32_1.0.0.201904181610/tools/bin/../lib/gcc/arm-none-eabi/7.3.1/../../../../arm-none-eabi/lib/thumb/v7e-m/fpv4-sp/hard\libnosys.a
END GROUP
START GROUP
LOAD c:/st/stm32cubeide_1.2.0/stm32cubeide/plugins/com.st.stm32cube.ide.mcu.externaltools.gnu-tools-for-stm32.7-2018-q2-update.win32_1.0.0.201904181610/tools/bin/../lib/gcc/arm-none-eabi/7.3.1/thumb/v7e-m/fpv4-sp/hard\libgcc.a
LOAD c:/st/stm32cubeide_1.2.0/stm32cubeide/plugins/com.st.stm32cube.ide.mcu.externaltools.gnu-tools-for-stm32.7-2018-q2-update.win32_1.0.0.201904181610/tools/bin/../lib/gcc/arm-none-eabi/7.3.1/../../../../arm-none-eabi/lib/thumb/v7e-m/fpv4-sp/hard\libc_nano.a
LOAD c:/st/stm32cubeide_1.2.0/stm32cubeide/plugins/com.st.stm32cube.ide.mcu.externaltools.gnu-tools-for-stm32.7-2018-q2-update.win32_1.0.0.201904181610/tools/bin/../lib/gcc/arm-none-eabi/7.3.1/../../../../arm-none-eabi/lib/thumb/v7e-m/fpv4-sp/hard\libnosys.a
END GROUP
LOAD c:/st/stm32cubeide_1.2.0/stm32cubeide/plugins/com.st.stm32cube.ide.mcu.externaltools.gnu-tools-for-stm32.7-2018-q2-update.win32_1.0.0.201904181610/tools/bin/../lib/gcc/arm-none-eabi/7.3.1/thumb/v7e-m/fpv4-sp/hard/crtend.o
LOAD c:/st/stm32cubeide_1.2.0/stm32cubeide/plugins/com.st.stm32cube.ide.mcu.externaltools.gnu-tools-for-stm32.7-2018-q2-update.win32_1.0.0.201904181610/tools/bin/../lib/gcc/arm-none-eabi/7.3.1/thumb/v7e-m/fpv4-sp/hard/crtn.o
                0x0000000020020000                _estack = (ORIGIN (RAM) + LENGTH (RAM))
                0x0000000000000200                _Min_Heap_Size = 0x200
                0x0000000000000400                _Min_Stack_Size = 0x400

.isr_vector     0x0000000008000000      0x1a8
                0x0000000008000000                . = ALIGN (0x4)
 *(.isr_vector)
 .isr_vector    0x0000000008000000      0x1a8 Startup/startup_stm32f407vgtx.o
                0x0000000008000000                g_pfnVectors
                0x00000000080001a8                . = ALIGN (0x4)

.text           0x00000000080001b0     0x22c8
                0x00000000080001b0                . = ALIGN (0x4)
 *(.text)
 .text          0x00000000080001b0       0x40 c:/st/stm32cubeide_1.2.0/stm32cubeide/plugins/com.st.stm32cube.ide.mcu.externaltools.gnu-tools-for-stm32.7-2018-q2-update.win32_1.0.0.201904181610/tools/bin/../lib/gcc/arm-none-eabi/7.3.1/thumb/v7e-m/fpv4-sp/hard/crtbegin.o
 .text          0x00000000080001f0       0xa0 c:/st/stm32cubeide_1.2.0/stm32cubeide/plugins/com.st.stm32cube.ide.mcu.externaltools.gnu-tools-for-stm32.7-2018-q2-update.win32_1.0.0.201904181610/tools/bin/../lib/gcc/arm-none-eabi/7.3.1/../../../../arm-none-eabi/lib/thumb/v7e-m/fpv4-sp/hard\libc_nano.a(lib_a-memchr.o)
                0x00000000080001f0                memchr
 *(.text*)
 .text.NVIC_SetPriority
                0x0000000008000290       0x54 Src/009command_spi_it.o
 .text.delay    0x00000000080002e4       0x2c Src/009command_spi_it.o
                0x00000000080002e4                delay
 .text.SPI2_GPIOInits
                0x0000000008000310       0x5c Src/009command_spi_it.o
                0x0000000008000310                SPI2_GPIOInits
 .text.SPI2_Inits
                0x000000000800036c       0x5c Src/009command_spi_it.o
                0x000000000800036c                SPI2_Inits
 .text.GPIO_ButtonInit
                0x00000000080003c8       0x40 Src/009command_spi_it.o
                0x00000000080003c8                GPIO_ButtonInit
 .text.main     0x0000000008000408       0x6c Src/009command_spi_it.o
                0x0000000008000408                main
 .text.SPI_VerifyResponse
                0x0000000008000474       0x22 Src/009command_spi_it.o
                0x0000000008000474                SPI_VerifyResponse
 *fill*         0x0000000008000496        0x2 
 .text.SPI2_IRQHandler
                0x0000000008000498       0x14 Src/009command_spi_it.o
                0x0000000008000498                SPI2_IRQHandler
 .text.EXTI0_IRQHandler
                0x00000000080004ac       0x74 Src/009command_spi_it.o
                0x00000000080004ac                EXTI0_IRQHandler
 .text.executeCommand
                0x0000000008000520      0x10c Src/009command_spi_it.o
                0x0000000008000520                executeCommand
 .text.SPI_ApplicationEventCallback
                0x000000000800062c       0xf4 Src/009command_spi_it.o
                0x000000000800062c                SPI_ApplicationEventCallback
 .text.ITM_SendChar
                0x0000000008000720       0x50 Src/syscalls.o
                0x0000000008000720                ITM_SendChar
 .text._read    0x0000000008000770       0x3a Src/syscalls.o
                0x0000000008000770                _read
 .text._write   0x00000000080007aa       0x38 Src/syscalls.o
                0x00000000080007aa                _write
 .text._close   0x00000000080007e2       0x18 Src/syscalls.o
                0x00000000080007e2                _close
 .text._fstat   0x00000000080007fa       0x20 Src/syscalls.o
                0x00000000080007fa                _fstat
 .text._isatty  0x000000000800081a       0x16 Src/syscalls.o
                0x000000000800081a                _isatty
 .text._lseek   0x0000000008000830       0x1a Src/syscalls.o
                0x0000000008000830                _lseek
 *fill*         0x000000000800084a        0x2 
 .text._sbrk    0x000000000800084c       0x58 Src/sysmem.o
                0x000000000800084c                _sbrk
 .text.Reset_Handler
                0x00000000080008a4       0x50 Startup/startup_stm32f407vgtx.o
                0x00000000080008a4                Reset_Handler
 .text.Default_Handler
                0x00000000080008f4        0x2 Startup/startup_stm32f407vgtx.o
                0x00000000080008f4                RTC_Alarm_IRQHandler
                0x00000000080008f4                HASH_RNG_IRQHandler
                0x00000000080008f4                EXTI2_IRQHandler
                0x00000000080008f4                TIM8_CC_IRQHandler
                0x00000000080008f4                DebugMon_Handler
                0x00000000080008f4                TIM1_CC_IRQHandler
                0x00000000080008f4                DMA2_Stream5_IRQHandler
                0x00000000080008f4                HardFault_Handler
                0x00000000080008f4                DMA1_Stream5_IRQHandler
                0x00000000080008f4                SysTick_Handler
                0x00000000080008f4                PVD_IRQHandler
                0x00000000080008f4                SDIO_IRQHandler
                0x00000000080008f4                TAMP_STAMP_IRQHandler
                0x00000000080008f4                PendSV_Handler
                0x00000000080008f4                NMI_Handler
                0x00000000080008f4                CAN2_RX1_IRQHandler
                0x00000000080008f4                EXTI3_IRQHandler
                0x00000000080008f4                TIM8_TRG_COM_TIM14_IRQHandler
                0x00000000080008f4                TIM1_UP_TIM10_IRQHandler
                0x00000000080008f4                TIM8_UP_TIM13_IRQHandler
                0x00000000080008f4                I2C3_ER_IRQHandler
                0x00000000080008f4                LCD_TFT_IRQHandler
                0x00000000080008f4                I2C2_EV_IRQHandler
                0x00000000080008f4                DMA1_Stream2_IRQHandler
                0x00000000080008f4                CAN1_RX0_IRQHandler
                0x00000000080008f4                FPU_IRQHandler
                0x00000000080008f4                OTG_HS_WKUP_IRQHandler
                0x00000000080008f4                UsageFault_Handler
                0x00000000080008f4                CAN2_SCE_IRQHandler
                0x00000000080008f4                DMA2_Stream2_IRQHandler
                0x00000000080008f4                SPI1_IRQHandler
                0x00000000080008f4                TIM6_DAC_IRQHandler
                0x00000000080008f4                TIM1_BRK_TIM9_IRQHandler
                0x00000000080008f4                DCMI_IRQHandler
                0x00000000080008f4                CAN2_RX0_IRQHandler
                0x00000000080008f4                DMA2_Stream3_IRQHandler
                0x00000000080008f4                USART6_IRQHandler
                0x00000000080008f4                USART3_IRQHandler
                0x00000000080008f4                CRYP_IRQHandler
                0x00000000080008f4                CAN1_RX1_IRQHandler
                0x00000000080008f4                UART5_IRQHandler
                0x00000000080008f4                DMA2_Stream0_IRQHandler
                0x00000000080008f4                TIM4_IRQHandler
                0x00000000080008f4                I2C1_EV_IRQHandler
                0x00000000080008f4                DMA1_Stream6_IRQHandler
                0x00000000080008f4                DMA1_Stream1_IRQHandler
                0x00000000080008f4                UART4_IRQHandler
                0x00000000080008f4                LCD_TFT_1_IRQHandler
                0x00000000080008f4                TIM3_IRQHandler
                0x00000000080008f4                RCC_IRQHandler
                0x00000000080008f4                TIM8_BRK_TIM12_IRQHandler
                0x00000000080008f4                Default_Handler
                0x00000000080008f4                EXTI15_10_IRQHandler
                0x00000000080008f4                ADC_IRQHandler
                0x00000000080008f4                DMA1_Stream7_IRQHandler
                0x00000000080008f4                TIM7_IRQHandler
                0x00000000080008f4                CAN2_TX_IRQHandler
                0x00000000080008f4                TIM5_IRQHandler
                0x00000000080008f4                DMA2_Stream7_IRQHandler
                0x00000000080008f4                I2C3_EV_IRQHandler
                0x00000000080008f4                EXTI9_5_IRQHandler
                0x00000000080008f4                RTC_WKUP_IRQHandler
                0x00000000080008f4                ETH_WKUP_IRQHandler
                0x00000000080008f4                OTG_HS_EP1_IN_IRQHandler
                0x00000000080008f4                MemManage_Handler
                0x00000000080008f4                DMA1_Stream0_IRQHandler
                0x00000000080008f4                CAN1_TX_IRQHandler
                0x00000000080008f4                SVC_Handler
                0x00000000080008f4                EXTI4_IRQHandler
                0x00000000080008f4                FSMC_IRQHandler
                0x00000000080008f4                ETH_IRQHandler
                0x00000000080008f4                OTG_HS_EP1_OUT_IRQHandler
                0x00000000080008f4                WWDG_IRQHandler
                0x00000000080008f4                TIM2_IRQHandler
                0x00000000080008f4                OTG_FS_WKUP_IRQHandler
                0x00000000080008f4                TIM1_TRG_COM_TIM11_IRQHandler
                0x00000000080008f4                OTG_HS_IRQHandler
                0x00000000080008f4                EXTI1_IRQHandler
                0x00000000080008f4                USART2_IRQHandler
                0x00000000080008f4                I2C2_ER_IRQHandler
                0x00000000080008f4                DMA2_Stream1_IRQHandler
                0x00000000080008f4                CAN1_SCE_IRQHandler
                0x00000000080008f4                DMA2_Stream4_IRQHandler
                0x00000000080008f4                BusFault_Handler
                0x00000000080008f4                USART1_IRQHandler
                0x00000000080008f4                OTG_FS_IRQHandler
                0x00000000080008f4                SPI3_IRQHandler
                0x00000000080008f4                DMA1_Stream4_IRQHandler
                0x00000000080008f4                I2C1_ER_IRQHandler
                0x00000000080008f4                DMA2_Stream6_IRQHandler
                0x00000000080008f4                DMA1_Stream3_IRQHandler
 *fill*         0x00000000080008f6        0x2 
 .text.GPIO_PeriClockControl
                0x00000000080008f8      0x1d0 drivers/Src/stm32f407xx_gpio_driver.o
                0x00000000080008f8                GPIO_PeriClockControl
 .text.GPIO_Init
                0x0000000008000ac8      0x348 drivers/Src/stm32f407xx_gpio_driver.o
                0x0000000008000ac8                GPIO_Init
 .text.GPIO_IRQInterruptConfig
                0x0000000008000e10      0x10c drivers/Src/stm32f407xx_gpio_driver.o
                0x0000000008000e10                GPIO_IRQInterruptConfig
 .text.GPIO_IRQHandling
                0x0000000008000f1c       0x40 drivers/Src/stm32f407xx_gpio_driver.o
                0x0000000008000f1c                GPIO_IRQHandling
 .text.SPI_PeriClockControl
                0x0000000008000f5c       0xb0 drivers/Src/stm32f407xx_spi_driver.o
                0x0000000008000f5c                SPI_PeriClockControl
 .text.SPI_Init
                0x000000000800100c       0xb6 drivers/Src/stm32f407xx_spi_driver.o
                0x000000000800100c                SPI_Init
 *fill*         0x00000000080010c2        0x2 
 .text.SPI_IRQInterruptConfig
                0x00000000080010c4      0x10c drivers/Src/stm32f407xx_spi_driver.o
                0x00000000080010c4                SPI_IRQInterruptConfig
 .text.SPI_PeripheralControl
                0x00000000080011d0       0x38 drivers/Src/stm32f407xx_spi_driver.o
                0x00000000080011d0                SPI_PeripheralControl
 .text.SPI_SSOEConfig
                0x0000000008001208       0x38 drivers/Src/stm32f407xx_spi_driver.o
                0x0000000008001208                SPI_SSOEConfig
 .text.SPI_GetStatus
                0x0000000008001240       0x30 drivers/Src/stm32f407xx_spi_driver.o
                0x0000000008001240                SPI_GetStatus
 .text.SPI_SendArgsIT
                0x0000000008001270       0x52 drivers/Src/stm32f407xx_spi_driver.o
                0x0000000008001270                SPI_SendArgsIT
 .text.SPI_SendDataIT
                0x00000000080012c2       0x50 drivers/Src/stm32f407xx_spi_driver.o
                0x00000000080012c2                SPI_SendDataIT
 .text.SPI_ReceiveIT
                0x0000000008001312       0x50 drivers/Src/stm32f407xx_spi_driver.o
                0x0000000008001312                SPI_ReceiveIT
 .text.spi_txe_handle
                0x0000000008001362       0xae drivers/Src/stm32f407xx_spi_driver.o
 .text.spi_rxe_handle
                0x0000000008001410       0x90 drivers/Src/stm32f407xx_spi_driver.o
 .text.spi_ovr_handle
                0x00000000080014a0       0x32 drivers/Src/stm32f407xx_spi_driver.o
 .text.SPI_IRQHandling
                0x00000000080014d2       0xa8 drivers/Src/stm32f407xx_spi_driver.o
                0x00000000080014d2                SPI_IRQHandling
 .text.SPI_ClearOVR
                0x000000000800157a       0x20 drivers/Src/stm32f407xx_spi_driver.o
                0x000000000800157a                SPI_ClearOVR
 .text.SPI_CloseTransmission
                0x000000000800159a       0x3e drivers/Src/stm32f407xx_spi_driver.o
                0x000000000800159a                SPI_CloseTransmission
 .text.SPI_CloseReception
                0x00000000080015d8       0x38 drivers/Src/stm32f407xx_spi_driver.o
                0x00000000080015d8                SPI_CloseReception
 .text.__errno  0x0000000008001610        0xc c:/st/stm32cubeide_1.2.0/stm32cubeide/plugins/com.st.stm32cube.ide.mcu.externaltools.gnu-tools-for-stm32.7-2018-q2-update.win32_1.0.0.201904181610/tools/bin/../lib/gcc/arm-none-eabi/7.3.1/../../../../arm-none-eabi/lib/thumb/v7e-m/fpv4-sp/hard\libc_nano.a(lib_a-errno.o)
                0x0000000008001610                __errno
 .text.__sflush_r
                0x000000000800161c      0x10c c:/st/stm32cubeide_1.2.0/stm32cubeide/plugins/com.st.stm32cube.ide.mcu.externaltools.gnu-tools-for-stm32.7-2018-q2-update.win32_1.0.0.201904181610/tools/bin/../lib/gcc/arm-none-eabi/7.3.1/../../../../arm-none-eabi/lib/thumb/v7e-m/fpv4-sp/hard\libc_nano.a(lib_a-fflush.o)
                0x000000000800161c                __sflush_r
 .text._fflush_r
                0x0000000008001728       0x54 c:/st/stm32cubeide_1.2.0/stm32cubeide/plugins/com.st.stm32cube.ide.mcu.externaltools.gnu-tools-for-stm32.7-2018-q2-update.win32_1.0.0.201904181610/tools/bin/../lib/gcc/arm-none-eabi/7.3.1/../../../../arm-none-eabi/lib/thumb/v7e-m/fpv4-sp/hard\libc_nano.a(lib_a-fflush.o)
                0x0000000008001728                _fflush_r
 .text.fflush   0x000000000800177c       0x24 c:/st/stm32cubeide_1.2.0/stm32cubeide/plugins/com.st.stm32cube.ide.mcu.externaltools.gnu-tools-for-stm32.7-2018-q2-update.win32_1.0.0.201904181610/tools/bin/../lib/gcc/arm-none-eabi/7.3.1/../../../../arm-none-eabi/lib/thumb/v7e-m/fpv4-sp/hard\libc_nano.a(lib_a-fflush.o)
                0x000000000800177c                fflush
 .text.std      0x00000000080017a0       0x48 c:/st/stm32cubeide_1.2.0/stm32cubeide/plugins/com.st.stm32cube.ide.mcu.externaltools.gnu-tools-for-stm32.7-2018-q2-update.win32_1.0.0.201904181610/tools/bin/../lib/gcc/arm-none-eabi/7.3.1/../../../../arm-none-eabi/lib/thumb/v7e-m/fpv4-sp/hard\libc_nano.a(lib_a-findfp.o)
 .text._cleanup_r
                0x00000000080017e8        0xc c:/st/stm32cubeide_1.2.0/stm32cubeide/plugins/com.st.stm32cube.ide.mcu.externaltools.gnu-tools-for-stm32.7-2018-q2-update.win32_1.0.0.201904181610/tools/bin/../lib/gcc/arm-none-eabi/7.3.1/../../../../arm-none-eabi/lib/thumb/v7e-m/fpv4-sp/hard\libc_nano.a(lib_a-findfp.o)
                0x00000000080017e8                _cleanup_r
 .text.__sfmoreglue
                0x00000000080017f4       0x2c c:/st/stm32cubeide_1.2.0/stm32cubeide/plugins/com.st.stm32cube.ide.mcu.externaltools.gnu-tools-for-stm32.7-2018-q2-update.win32_1.0.0.201904181610/tools/bin/../lib/gcc/arm-none-eabi/7.3.1/../../../../arm-none-eabi/lib/thumb/v7e-m/fpv4-sp/hard\libc_nano.a(lib_a-findfp.o)
                0x00000000080017f4                __sfmoreglue
 .text.__sinit  0x0000000008001820       0x60 c:/st/stm32cubeide_1.2.0/stm32cubeide/plugins/com.st.stm32cube.ide.mcu.externaltools.gnu-tools-for-stm32.7-2018-q2-update.win32_1.0.0.201904181610/tools/bin/../lib/gcc/arm-none-eabi/7.3.1/../../../../arm-none-eabi/lib/thumb/v7e-m/fpv4-sp/hard\libc_nano.a(lib_a-findfp.o)
                0x0000000008001820                __sinit
 .text.__sfp    0x0000000008001880       0x78 c:/st/stm32cubeide_1.2.0/stm32cubeide/plugins/com.st.stm32cube.ide.mcu.externaltools.gnu-tools-for-stm32.7-2018-q2-update.win32_1.0.0.201904181610/tools/bin/../lib/gcc/arm-none-eabi/7.3.1/../../../../arm-none-eabi/lib/thumb/v7e-m/fpv4-sp/hard\libc_nano.a(lib_a-findfp.o)
                0x0000000008001880                __sfp
 .text._fwalk_reent
                0x00000000080018f8       0x3c c:/st/stm32cubeide_1.2.0/stm32cubeide/plugins/com.st.stm32cube.ide.mcu.externaltools.gnu-tools-for-stm32.7-2018-q2-update.win32_1.0.0.201904181610/tools/bin/../lib/gcc/arm-none-eabi/7.3.1/../../../../arm-none-eabi/lib/thumb/v7e-m/fpv4-sp/hard\libc_nano.a(lib_a-fwalk.o)
                0x00000000080018f8                _fwalk_reent
 .text.__libc_init_array
                0x0000000008001934       0x48 c:/st/stm32cubeide_1.2.0/stm32cubeide/plugins/com.st.stm32cube.ide.mcu.externaltools.gnu-tools-for-stm32.7-2018-q2-update.win32_1.0.0.201904181610/tools/bin/../lib/gcc/arm-none-eabi/7.3.1/../../../../arm-none-eabi/lib/thumb/v7e-m/fpv4-sp/hard\libc_nano.a(lib_a-init.o)
                0x0000000008001934                __libc_init_array
 .text.memset   0x000000000800197c       0x10 c:/st/stm32cubeide_1.2.0/stm32cubeide/plugins/com.st.stm32cube.ide.mcu.externaltools.gnu-tools-for-stm32.7-2018-q2-update.win32_1.0.0.201904181610/tools/bin/../lib/gcc/arm-none-eabi/7.3.1/../../../../arm-none-eabi/lib/thumb/v7e-m/fpv4-sp/hard\libc_nano.a(lib_a-memset.o)
                0x000000000800197c                memset
 .text._free_r  0x000000000800198c       0x9c c:/st/stm32cubeide_1.2.0/stm32cubeide/plugins/com.st.stm32cube.ide.mcu.externaltools.gnu-tools-for-stm32.7-2018-q2-update.win32_1.0.0.201904181610/tools/bin/../lib/gcc/arm-none-eabi/7.3.1/../../../../arm-none-eabi/lib/thumb/v7e-m/fpv4-sp/hard\libc_nano.a(lib_a-nano-freer.o)
                0x000000000800198c                _free_r
 .text._malloc_r
                0x0000000008001a28       0xb4 c:/st/stm32cubeide_1.2.0/stm32cubeide/plugins/com.st.stm32cube.ide.mcu.externaltools.gnu-tools-for-stm32.7-2018-q2-update.win32_1.0.0.201904181610/tools/bin/../lib/gcc/arm-none-eabi/7.3.1/../../../../arm-none-eabi/lib/thumb/v7e-m/fpv4-sp/hard\libc_nano.a(lib_a-nano-mallocr.o)
                0x0000000008001a28                _malloc_r
 .text.printf   0x0000000008001adc       0x30 c:/st/stm32cubeide_1.2.0/stm32cubeide/plugins/com.st.stm32cube.ide.mcu.externaltools.gnu-tools-for-stm32.7-2018-q2-update.win32_1.0.0.201904181610/tools/bin/../lib/gcc/arm-none-eabi/7.3.1/../../../../arm-none-eabi/lib/thumb/v7e-m/fpv4-sp/hard\libc_nano.a(lib_a-printf.o)
                0x0000000008001adc                iprintf
                0x0000000008001adc                printf
 .text._sbrk_r  0x0000000008001b0c       0x20 c:/st/stm32cubeide_1.2.0/stm32cubeide/plugins/com.st.stm32cube.ide.mcu.externaltools.gnu-tools-for-stm32.7-2018-q2-update.win32_1.0.0.201904181610/tools/bin/../lib/gcc/arm-none-eabi/7.3.1/../../../../arm-none-eabi/lib/thumb/v7e-m/fpv4-sp/hard\libc_nano.a(lib_a-sbrkr.o)
                0x0000000008001b0c                _sbrk_r
 .text.__sread  0x0000000008001b2c       0x22 c:/st/stm32cubeide_1.2.0/stm32cubeide/plugins/com.st.stm32cube.ide.mcu.externaltools.gnu-tools-for-stm32.7-2018-q2-update.win32_1.0.0.201904181610/tools/bin/../lib/gcc/arm-none-eabi/7.3.1/../../../../arm-none-eabi/lib/thumb/v7e-m/fpv4-sp/hard\libc_nano.a(lib_a-stdio.o)
                0x0000000008001b2c                __sread
 .text.__swrite
                0x0000000008001b4e       0x38 c:/st/stm32cubeide_1.2.0/stm32cubeide/plugins/com.st.stm32cube.ide.mcu.externaltools.gnu-tools-for-stm32.7-2018-q2-update.win32_1.0.0.201904181610/tools/bin/../lib/gcc/arm-none-eabi/7.3.1/../../../../arm-none-eabi/lib/thumb/v7e-m/fpv4-sp/hard\libc_nano.a(lib_a-stdio.o)
                0x0000000008001b4e                __swrite
 .text.__sseek  0x0000000008001b86       0x24 c:/st/stm32cubeide_1.2.0/stm32cubeide/plugins/com.st.stm32cube.ide.mcu.externaltools.gnu-tools-for-stm32.7-2018-q2-update.win32_1.0.0.201904181610/tools/bin/../lib/gcc/arm-none-eabi/7.3.1/../../../../arm-none-eabi/lib/thumb/v7e-m/fpv4-sp/hard\libc_nano.a(lib_a-stdio.o)
                0x0000000008001b86                __sseek
 .text.__sclose
                0x0000000008001baa        0x8 c:/st/stm32cubeide_1.2.0/stm32cubeide/plugins/com.st.stm32cube.ide.mcu.externaltools.gnu-tools-for-stm32.7-2018-q2-update.win32_1.0.0.201904181610/tools/bin/../lib/gcc/arm-none-eabi/7.3.1/../../../../arm-none-eabi/lib/thumb/v7e-m/fpv4-sp/hard\libc_nano.a(lib_a-stdio.o)
                0x0000000008001baa                __sclose
 *fill*         0x0000000008001bb2        0x2 
 .text._write_r
                0x0000000008001bb4       0x24 c:/st/stm32cubeide_1.2.0/stm32cubeide/plugins/com.st.stm32cube.ide.mcu.externaltools.gnu-tools-for-stm32.7-2018-q2-update.win32_1.0.0.201904181610/tools/bin/../lib/gcc/arm-none-eabi/7.3.1/../../../../arm-none-eabi/lib/thumb/v7e-m/fpv4-sp/hard\libc_nano.a(lib_a-writer.o)
                0x0000000008001bb4                _write_r
 .text._close_r
                0x0000000008001bd8       0x20 c:/st/stm32cubeide_1.2.0/stm32cubeide/plugins/com.st.stm32cube.ide.mcu.externaltools.gnu-tools-for-stm32.7-2018-q2-update.win32_1.0.0.201904181610/tools/bin/../lib/gcc/arm-none-eabi/7.3.1/../../../../arm-none-eabi/lib/thumb/v7e-m/fpv4-sp/hard\libc_nano.a(lib_a-closer.o)
                0x0000000008001bd8                _close_r
 .text._lseek_r
                0x0000000008001bf8       0x24 c:/st/stm32cubeide_1.2.0/stm32cubeide/plugins/com.st.stm32cube.ide.mcu.externaltools.gnu-tools-for-stm32.7-2018-q2-update.win32_1.0.0.201904181610/tools/bin/../lib/gcc/arm-none-eabi/7.3.1/../../../../arm-none-eabi/lib/thumb/v7e-m/fpv4-sp/hard\libc_nano.a(lib_a-lseekr.o)
                0x0000000008001bf8                _lseek_r
 .text.__malloc_lock
                0x0000000008001c1c        0x2 c:/st/stm32cubeide_1.2.0/stm32cubeide/plugins/com.st.stm32cube.ide.mcu.externaltools.gnu-tools-for-stm32.7-2018-q2-update.win32_1.0.0.201904181610/tools/bin/../lib/gcc/arm-none-eabi/7.3.1/../../../../arm-none-eabi/lib/thumb/v7e-m/fpv4-sp/hard\libc_nano.a(lib_a-mlock.o)
                0x0000000008001c1c                __malloc_lock
 .text.__malloc_unlock
                0x0000000008001c1e        0x2 c:/st/stm32cubeide_1.2.0/stm32cubeide/plugins/com.st.stm32cube.ide.mcu.externaltools.gnu-tools-for-stm32.7-2018-q2-update.win32_1.0.0.201904181610/tools/bin/../lib/gcc/arm-none-eabi/7.3.1/../../../../arm-none-eabi/lib/thumb/v7e-m/fpv4-sp/hard\libc_nano.a(lib_a-mlock.o)
                0x0000000008001c1e                __malloc_unlock
 .text.__sfputc_r
                0x0000000008001c20       0x2e c:/st/stm32cubeide_1.2.0/stm32cubeide/plugins/com.st.stm32cube.ide.mcu.externaltools.gnu-tools-for-stm32.7-2018-q2-update.win32_1.0.0.201904181610/tools/bin/../lib/gcc/arm-none-eabi/7.3.1/../../../../arm-none-eabi/lib/thumb/v7e-m/fpv4-sp/hard\libc_nano.a(lib_a-nano-vfprintf.o)
 .text.__sfputs_r
                0x0000000008001c4e       0x24 c:/st/stm32cubeide_1.2.0/stm32cubeide/plugins/com.st.stm32cube.ide.mcu.externaltools.gnu-tools-for-stm32.7-2018-q2-update.win32_1.0.0.201904181610/tools/bin/../lib/gcc/arm-none-eabi/7.3.1/../../../../arm-none-eabi/lib/thumb/v7e-m/fpv4-sp/hard\libc_nano.a(lib_a-nano-vfprintf.o)
                0x0000000008001c4e                __sfputs_r
 *fill*         0x0000000008001c72        0x2 
 .text._vfprintf_r
                0x0000000008001c74      0x22c c:/st/stm32cubeide_1.2.0/stm32cubeide/plugins/com.st.stm32cube.ide.mcu.externaltools.gnu-tools-for-stm32.7-2018-q2-update.win32_1.0.0.201904181610/tools/bin/../lib/gcc/arm-none-eabi/7.3.1/../../../../arm-none-eabi/lib/thumb/v7e-m/fpv4-sp/hard\libc_nano.a(lib_a-nano-vfprintf.o)
                0x0000000008001c74                _vfprintf_r
                0x0000000008001c74                _vfiprintf_r
 .text._printf_common
                0x0000000008001ea0       0xea c:/st/stm32cubeide_1.2.0/stm32cubeide/plugins/com.st.stm32cube.ide.mcu.externaltools.gnu-tools-for-stm32.7-2018-q2-update.win32_1.0.0.201904181610/tools/bin/../lib/gcc/arm-none-eabi/7.3.1/../../../../arm-none-eabi/lib/thumb/v7e-m/fpv4-sp/hard\libc_nano.a(lib_a-nano-vfprintf_i.o)
                0x0000000008001ea0                _printf_common
 *fill*         0x0000000008001f8a        0x2 
 .text._printf_i
                0x0000000008001f8c      0x224 c:/st/stm32cubeide_1.2.0/stm32cubeide/plugins/com.st.stm32cube.ide.mcu.externaltools.gnu-tools-for-stm32.7-2018-q2-update.win32_1.0.0.201904181610/tools/bin/../lib/gcc/arm-none-eabi/7.3.1/../../../../arm-none-eabi/lib/thumb/v7e-m/fpv4-sp/hard\libc_nano.a(lib_a-nano-vfprintf_i.o)
                0x0000000008001f8c                _printf_i
 .text._read_r  0x00000000080021b0       0x24 c:/st/stm32cubeide_1.2.0/stm32cubeide/plugins/com.st.stm32cube.ide.mcu.externaltools.gnu-tools-for-stm32.7-2018-q2-update.win32_1.0.0.201904181610/tools/bin/../lib/gcc/arm-none-eabi/7.3.1/../../../../arm-none-eabi/lib/thumb/v7e-m/fpv4-sp/hard\libc_nano.a(lib_a-readr.o)
                0x00000000080021b0                _read_r
 .text.__swbuf_r
                0x00000000080021d4       0xa4 c:/st/stm32cubeide_1.2.0/stm32cubeide/plugins/com.st.stm32cube.ide.mcu.externaltools.gnu-tools-for-stm32.7-2018-q2-update.win32_1.0.0.201904181610/tools/bin/../lib/gcc/arm-none-eabi/7.3.1/../../../../arm-none-eabi/lib/thumb/v7e-m/fpv4-sp/hard\libc_nano.a(lib_a-wbuf.o)
                0x00000000080021d4                __swbuf_r
 .text.__swsetup_r
                0x0000000008002278       0xdc c:/st/stm32cubeide_1.2.0/stm32cubeide/plugins/com.st.stm32cube.ide.mcu.externaltools.gnu-tools-for-stm32.7-2018-q2-update.win32_1.0.0.201904181610/tools/bin/../lib/gcc/arm-none-eabi/7.3.1/../../../../arm-none-eabi/lib/thumb/v7e-m/fpv4-sp/hard\libc_nano.a(lib_a-wsetup.o)
                0x0000000008002278                __swsetup_r
 .text.__swhatbuf_r
                0x0000000008002354       0x48 c:/st/stm32cubeide_1.2.0/stm32cubeide/plugins/com.st.stm32cube.ide.mcu.externaltools.gnu-tools-for-stm32.7-2018-q2-update.win32_1.0.0.201904181610/tools/bin/../lib/gcc/arm-none-eabi/7.3.1/../../../../arm-none-eabi/lib/thumb/v7e-m/fpv4-sp/hard\libc_nano.a(lib_a-makebuf.o)
                0x0000000008002354                __swhatbuf_r
 .text.__smakebuf_r
                0x000000000800239c       0x80 c:/st/stm32cubeide_1.2.0/stm32cubeide/plugins/com.st.stm32cube.ide.mcu.externaltools.gnu-tools-for-stm32.7-2018-q2-update.win32_1.0.0.201904181610/tools/bin/../lib/gcc/arm-none-eabi/7.3.1/../../../../arm-none-eabi/lib/thumb/v7e-m/fpv4-sp/hard\libc_nano.a(lib_a-makebuf.o)
                0x000000000800239c                __smakebuf_r
 .text._fstat_r
                0x000000000800241c       0x24 c:/st/stm32cubeide_1.2.0/stm32cubeide/plugins/com.st.stm32cube.ide.mcu.externaltools.gnu-tools-for-stm32.7-2018-q2-update.win32_1.0.0.201904181610/tools/bin/../lib/gcc/arm-none-eabi/7.3.1/../../../../arm-none-eabi/lib/thumb/v7e-m/fpv4-sp/hard\libc_nano.a(lib_a-fstatr.o)
                0x000000000800241c                _fstat_r
 .text._isatty_r
                0x0000000008002440       0x20 c:/st/stm32cubeide_1.2.0/stm32cubeide/plugins/com.st.stm32cube.ide.mcu.externaltools.gnu-tools-for-stm32.7-2018-q2-update.win32_1.0.0.201904181610/tools/bin/../lib/gcc/arm-none-eabi/7.3.1/../../../../arm-none-eabi/lib/thumb/v7e-m/fpv4-sp/hard\libc_nano.a(lib_a-isattyr.o)
                0x0000000008002440                _isatty_r
 *(.glue_7)
 .glue_7        0x0000000008002460        0x0 linker stubs
 *(.glue_7t)
 .glue_7t       0x0000000008002460        0x0 linker stubs
 *(.eh_frame)
 .eh_frame      0x0000000008002460        0x0 c:/st/stm32cubeide_1.2.0/stm32cubeide/plugins/com.st.stm32cube.ide.mcu.externaltools.gnu-tools-for-stm32.7-2018-q2-update.win32_1.0.0.201904181610/tools/bin/../lib/gcc/arm-none-eabi/7.3.1/thumb/v7e-m/fpv4-sp/hard/crtbegin.o
 *(.init)
 .init          0x0000000008002460        0x4 c:/st/stm32cubeide_1.2.0/stm32cubeide/plugins/com.st.stm32cube.ide.mcu.externaltools.gnu-tools-for-stm32.7-2018-q2-update.win32_1.0.0.201904181610/tools/bin/../lib/gcc/arm-none-eabi/7.3.1/thumb/v7e-m/fpv4-sp/hard/crti.o
                0x0000000008002460                _init
 .init          0x0000000008002464        0x8 c:/st/stm32cubeide_1.2.0/stm32cubeide/plugins/com.st.stm32cube.ide.mcu.externaltools.gnu-tools-for-stm32.7-2018-q2-update.win32_1.0.0.201904181610/tools/bin/../lib/gcc/arm-none-eabi/7.3.1/thumb/v7e-m/fpv4-sp/hard/crtn.o
 *(.fini)
 .fini          0x000000000800246c        0x4 c:/st/stm32cubeide_1.2.0/stm32cubeide/plugins/com.st.stm32cube.ide.mcu.externaltools.gnu-tools-for-stm32.7-2018-q2-update.win32_1.0.0.201904181610/tools/bin/../lib/gcc/arm-none-eabi/7.3.1/thumb/v7e-m/fpv4-sp/hard/crti.o
                0x000000000800246c                _fini
 .fini          0x0000000008002470        0x8 c:/st/stm32cubeide_1.2.0/stm32cubeide/plugins/com.st.stm32cube.ide.mcu.externaltools.gnu-tools-for-stm32.7-2018-q2-update.win32_1.0.0.201904181610/tools/bin/../lib/gcc/arm-none-eabi/7.3.1/thumb/v7e-m/fpv4-sp/hard/crtn.o
                0x0000000008002478                . = ALIGN (0x4)
                0x0000000008002478                _etext = .

.vfp11_veneer   0x0000000008002478        0x0
 .vfp11_veneer  0x0000000008002478        0x0 linker stubs

.v4_bx          0x0000000008002478        0x0
 .v4_bx         0x0000000008002478        0x0 linker stubs

.iplt           0x0000000008002478        0x0
 .iplt          0x0000000008002478        0x0 c:/st/stm32cubeide_1.2.0/stm32cubeide/plugins/com.st.stm32cube.ide.mcu.externaltools.gnu-tools-for-stm32.7-2018-q2-update.win32_1.0.0.201904181610/tools/bin/../lib/gcc/arm-none-eabi/7.3.1/thumb/v7e-m/fpv4-sp/hard/crtbegin.o

.rodata         0x0000000008002478       0xf4
                0x0000000008002478                . = ALIGN (0x4)
 *(.rodata)
 .rodata        0x0000000008002478       0x59 Src/009command_spi_it.o
 *(.rodata*)
 *fill*         0x00000000080024d1        0x3 
 .rodata.__sf_fake_stderr
                0x00000000080024d4       0x20 c:/st/stm32cubeide_1.2.0/stm32cubeide/plugins/com.st.stm32cube.ide.mcu.externaltools.gnu-tools-for-stm32.7-2018-q2-update.win32_1.0.0.201904181610/tools/bin/../lib/gcc/arm-none-eabi/7.3.1/../../../../arm-none-eabi/lib/thumb/v7e-m/fpv4-sp/hard\libc_nano.a(lib_a-findfp.o)
                0x00000000080024d4                __sf_fake_stderr
 .rodata.__sf_fake_stdin
                0x00000000080024f4       0x20 c:/st/stm32cubeide_1.2.0/stm32cubeide/plugins/com.st.stm32cube.ide.mcu.externaltools.gnu-tools-for-stm32.7-2018-q2-update.win32_1.0.0.201904181610/tools/bin/../lib/gcc/arm-none-eabi/7.3.1/../../../../arm-none-eabi/lib/thumb/v7e-m/fpv4-sp/hard\libc_nano.a(lib_a-findfp.o)
                0x00000000080024f4                __sf_fake_stdin
 .rodata.__sf_fake_stdout
                0x0000000008002514       0x20 c:/st/stm32cubeide_1.2.0/stm32cubeide/plugins/com.st.stm32cube.ide.mcu.externaltools.gnu-tools-for-stm32.7-2018-q2-update.win32_1.0.0.201904181610/tools/bin/../lib/gcc/arm-none-eabi/7.3.1/../../../../arm-none-eabi/lib/thumb/v7e-m/fpv4-sp/hard\libc_nano.a(lib_a-findfp.o)
                0x0000000008002514                __sf_fake_stdout
 .rodata._global_impure_ptr
                0x0000000008002534        0x4 c:/st/stm32cubeide_1.2.0/stm32cubeide/plugins/com.st.stm32cube.ide.mcu.externaltools.gnu-tools-for-stm32.7-2018-q2-update.win32_1.0.0.201904181610/tools/bin/../lib/gcc/arm-none-eabi/7.3.1/../../../../arm-none-eabi/lib/thumb/v7e-m/fpv4-sp/hard\libc_nano.a(lib_a-impure.o)
                0x0000000008002534                _global_impure_ptr
 .rodata._vfprintf_r.str1.1
                0x0000000008002538       0x11 c:/st/stm32cubeide_1.2.0/stm32cubeide/plugins/com.st.stm32cube.ide.mcu.externaltools.gnu-tools-for-stm32.7-2018-q2-update.win32_1.0.0.201904181610/tools/bin/../lib/gcc/arm-none-eabi/7.3.1/../../../../arm-none-eabi/lib/thumb/v7e-m/fpv4-sp/hard\libc_nano.a(lib_a-nano-vfprintf.o)
 .rodata._printf_i.str1.1
                0x0000000008002549       0x22 c:/st/stm32cubeide_1.2.0/stm32cubeide/plugins/com.st.stm32cube.ide.mcu.externaltools.gnu-tools-for-stm32.7-2018-q2-update.win32_1.0.0.201904181610/tools/bin/../lib/gcc/arm-none-eabi/7.3.1/../../../../arm-none-eabi/lib/thumb/v7e-m/fpv4-sp/hard\libc_nano.a(lib_a-nano-vfprintf_i.o)
                0x000000000800256c                . = ALIGN (0x4)
 *fill*         0x000000000800256b        0x1 

.rel.dyn        0x000000000800256c        0x0
 .rel.iplt      0x000000000800256c        0x0 c:/st/stm32cubeide_1.2.0/stm32cubeide/plugins/com.st.stm32cube.ide.mcu.externaltools.gnu-tools-for-stm32.7-2018-q2-update.win32_1.0.0.201904181610/tools/bin/../lib/gcc/arm-none-eabi/7.3.1/thumb/v7e-m/fpv4-sp/hard/crtbegin.o

.ARM.extab      0x000000000800256c        0x0
                0x000000000800256c                . = ALIGN (0x4)
 *(.ARM.extab* .gnu.linkonce.armextab.*)
                0x000000000800256c                . = ALIGN (0x4)

.ARM            0x000000000800256c        0x0
                0x000000000800256c                . = ALIGN (0x4)
                0x000000000800256c                __exidx_start = .
 *(.ARM.exidx*)
                0x000000000800256c                __exidx_end = .
                0x000000000800256c                . = ALIGN (0x4)

.preinit_array  0x000000000800256c        0x0
                0x000000000800256c                . = ALIGN (0x4)
                0x000000000800256c                PROVIDE (__preinit_array_start = .)
 *(.preinit_array*)
                0x000000000800256c                PROVIDE (__preinit_array_end = .)
                0x000000000800256c                . = ALIGN (0x4)

.init_array     0x000000000800256c        0x4
                0x000000000800256c                . = ALIGN (0x4)
                0x000000000800256c                PROVIDE (__init_array_start = .)
 *(SORT_BY_NAME(.init_array.*))
 *(.init_array*)
 .init_array    0x000000000800256c        0x4 c:/st/stm32cubeide_1.2.0/stm32cubeide/plugins/com.st.stm32cube.ide.mcu.externaltools.gnu-tools-for-stm32.7-2018-q2-update.win32_1.0.0.201904181610/tools/bin/../lib/gcc/arm-none-eabi/7.3.1/thumb/v7e-m/fpv4-sp/hard/crtbegin.o
                0x0000000008002570                PROVIDE (__init_array_end = .)
                0x0000000008002570                . = ALIGN (0x4)

.fini_array     0x0000000008002570        0x4
                0x0000000008002570                . = ALIGN (0x4)
                [!provide]                        PROVIDE (__fini_array_start = .)
 *(SORT_BY_NAME(.fini_array.*))
 *(.fini_array*)
 .fini_array    0x0000000008002570        0x4 c:/st/stm32cubeide_1.2.0/stm32cubeide/plugins/com.st.stm32cube.ide.mcu.externaltools.gnu-tools-for-stm32.7-2018-q2-update.win32_1.0.0.201904181610/tools/bin/../lib/gcc/arm-none-eabi/7.3.1/thumb/v7e-m/fpv4-sp/hard/crtbegin.o
                [!provide]                        PROVIDE (__fini_array_end = .)
                0x0000000008002574                . = ALIGN (0x4)
                0x0000000008002574                _sidata = LOADADDR (.data)

.data           0x0000000020000000       0xbc load address 0x0000000008002574
                0x0000000020000000                . = ALIGN (0x4)
                0x0000000020000000                _sdata = .
 *(.data)
 *(.data*)
 .data.dummybyte
                0x0000000020000000        0x1 Src/009command_spi_it.o
                0x0000000020000000                dummybyte
 *fill*         0x0000000020000001        0x3 
 .data._CMD_LED_CTR
                0x0000000020000004        0xc Src/009command_spi_it.o
                0x0000000020000004                _CMD_LED_CTR
 .data._CMD_SENSOR_READ
                0x0000000020000010        0xc Src/009command_spi_it.o
                0x0000000020000010                _CMD_SENSOR_READ
 .data._CMD_LED_READ
                0x000000002000001c        0xc Src/009command_spi_it.o
                0x000000002000001c                _CMD_LED_READ
 .data._CMD_PRINT
                0x0000000020000028        0xc Src/009command_spi_it.o
                0x0000000020000028                _CMD_PRINT
 .data._CMD_ID_READ
                0x0000000020000034        0xc Src/009command_spi_it.o
                0x0000000020000034                _CMD_ID_READ
 .data.spiCommands
                0x0000000020000040       0x14 Src/009command_spi_it.o
                0x0000000020000040                spiCommands
 .data.ack.8383
                0x0000000020000054        0x1 Src/009command_spi_it.o
 *fill*         0x0000000020000055        0x3 
 .data._impure_ptr
                0x0000000020000058        0x4 c:/st/stm32cubeide_1.2.0/stm32cubeide/plugins/com.st.stm32cube.ide.mcu.externaltools.gnu-tools-for-stm32.7-2018-q2-update.win32_1.0.0.201904181610/tools/bin/../lib/gcc/arm-none-eabi/7.3.1/../../../../arm-none-eabi/lib/thumb/v7e-m/fpv4-sp/hard\libc_nano.a(lib_a-impure.o)
                0x0000000020000058                _impure_ptr
 .data.impure_data
                0x000000002000005c       0x60 c:/st/stm32cubeide_1.2.0/stm32cubeide/plugins/com.st.stm32cube.ide.mcu.externaltools.gnu-tools-for-stm32.7-2018-q2-update.win32_1.0.0.201904181610/tools/bin/../lib/gcc/arm-none-eabi/7.3.1/../../../../arm-none-eabi/lib/thumb/v7e-m/fpv4-sp/hard\libc_nano.a(lib_a-impure.o)
                0x00000000200000bc                . = ALIGN (0x4)
                0x00000000200000bc                _edata = .

.igot.plt       0x00000000200000bc        0x0 load address 0x0000000008002630
 .igot.plt      0x00000000200000bc        0x0 c:/st/stm32cubeide_1.2.0/stm32cubeide/plugins/com.st.stm32cube.ide.mcu.externaltools.gnu-tools-for-stm32.7-2018-q2-update.win32_1.0.0.201904181610/tools/bin/../lib/gcc/arm-none-eabi/7.3.1/thumb/v7e-m/fpv4-sp/hard/crtbegin.o
                0x00000000200000bc                . = ALIGN (0x4)

.bss            0x00000000200000bc       0x60 load address 0x0000000008002630
                0x00000000200000bc                _sbss = .
                0x00000000200000bc                __bss_start__ = _sbss
 *(.bss)
 .bss           0x00000000200000bc       0x1c c:/st/stm32cubeide_1.2.0/stm32cubeide/plugins/com.st.stm32cube.ide.mcu.externaltools.gnu-tools-for-stm32.7-2018-q2-update.win32_1.0.0.201904181610/tools/bin/../lib/gcc/arm-none-eabi/7.3.1/thumb/v7e-m/fpv4-sp/hard/crtbegin.o
 *(.bss*)
 .bss.SPI2handle
                0x00000000200000d8       0x24 Src/009command_spi_it.o
 .bss.placeholder_ARGS
                0x00000000200000fc        0x4 Src/009command_spi_it.o
 .bss.ackbyte   0x0000000020000100        0x1 Src/009command_spi_it.o
 *fill*         0x0000000020000101        0x3 
 .bss.context_code
                0x0000000020000104        0x4 Src/009command_spi_it.o
 .bss.heap_end.6424
                0x0000000020000108        0x4 Src/sysmem.o
 .bss.__malloc_free_list
                0x000000002000010c        0x4 c:/st/stm32cubeide_1.2.0/stm32cubeide/plugins/com.st.stm32cube.ide.mcu.externaltools.gnu-tools-for-stm32.7-2018-q2-update.win32_1.0.0.201904181610/tools/bin/../lib/gcc/arm-none-eabi/7.3.1/../../../../arm-none-eabi/lib/thumb/v7e-m/fpv4-sp/hard\libc_nano.a(lib_a-nano-mallocr.o)
                0x000000002000010c                __malloc_free_list
 .bss.__malloc_sbrk_start
                0x0000000020000110        0x4 c:/st/stm32cubeide_1.2.0/stm32cubeide/plugins/com.st.stm32cube.ide.mcu.externaltools.gnu-tools-for-stm32.7-2018-q2-update.win32_1.0.0.201904181610/tools/bin/../lib/gcc/arm-none-eabi/7.3.1/../../../../arm-none-eabi/lib/thumb/v7e-m/fpv4-sp/hard\libc_nano.a(lib_a-nano-mallocr.o)
                0x0000000020000110                __malloc_sbrk_start
 *(COMMON)
 COMMON         0x0000000020000114        0x1 Src/009command_spi_it.o
                0x0000000020000114                dummyread
 *fill*         0x0000000020000115        0x3 
 COMMON         0x0000000020000118        0x4 c:/st/stm32cubeide_1.2.0/stm32cubeide/plugins/com.st.stm32cube.ide.mcu.externaltools.gnu-tools-for-stm32.7-2018-q2-update.win32_1.0.0.201904181610/tools/bin/../lib/gcc/arm-none-eabi/7.3.1/../../../../arm-none-eabi/lib/thumb/v7e-m/fpv4-sp/hard\libc_nano.a(lib_a-reent.o)
                0x0000000020000118                errno
                0x000000002000011c                . = ALIGN (0x4)
                0x000000002000011c                _ebss = .
                0x000000002000011c                __bss_end__ = _ebss

._user_heap_stack
                0x000000002000011c      0x604 load address 0x0000000008002630
                0x0000000020000120                . = ALIGN (0x8)
 *fill*         0x000000002000011c        0x4 
                0x0000000020000120                PROVIDE (end = .)
                [!provide]                        PROVIDE (_end = .)
                0x0000000020000320                . = (. + _Min_Heap_Size)
 *fill*         0x0000000020000120      0x200 
                0x0000000020000720                . = (. + _Min_Stack_Size)
 *fill*         0x0000000020000320      0x400 
                0x0000000020000720                . = ALIGN (0x8)

/DISCARD/
 libc.a(*)
 libm.a(*)
 libgcc.a(*)

.ARM.attributes
                0x0000000000000000       0x30
 *(.ARM.attributes)
 .ARM.attributes
                0x0000000000000000       0x22 c:/st/stm32cubeide_1.2.0/stm32cubeide/plugins/com.st.stm32cube.ide.mcu.externaltools.gnu-tools-for-stm32.7-2018-q2-update.win32_1.0.0.201904181610/tools/bin/../lib/gcc/arm-none-eabi/7.3.1/thumb/v7e-m/fpv4-sp/hard/crti.o
 .ARM.attributes
                0x0000000000000022       0x34 c:/st/stm32cubeide_1.2.0/stm32cubeide/plugins/com.st.stm32cube.ide.mcu.externaltools.gnu-tools-for-stm32.7-2018-q2-update.win32_1.0.0.201904181610/tools/bin/../lib/gcc/arm-none-eabi/7.3.1/thumb/v7e-m/fpv4-sp/hard/crtbegin.o
 .ARM.attributes
                0x0000000000000056       0x39 Src/009command_spi_it.o
 .ARM.attributes
                0x000000000000008f       0x39 Src/syscalls.o
 .ARM.attributes
                0x00000000000000c8       0x39 Src/sysmem.o
 .ARM.attributes
                0x0000000000000101       0x21 Startup/startup_stm32f407vgtx.o
 .ARM.attributes
                0x0000000000000122       0x39 drivers/Src/stm32f407xx_gpio_driver.o
 .ARM.attributes
                0x000000000000015b       0x39 drivers/Src/stm32f407xx_spi_driver.o
 .ARM.attributes
                0x0000000000000194       0x34 c:/st/stm32cubeide_1.2.0/stm32cubeide/plugins/com.st.stm32cube.ide.mcu.externaltools.gnu-tools-for-stm32.7-2018-q2-update.win32_1.0.0.201904181610/tools/bin/../lib/gcc/arm-none-eabi/7.3.1/../../../../arm-none-eabi/lib/thumb/v7e-m/fpv4-sp/hard\libc_nano.a(lib_a-errno.o)
 .ARM.attributes
                0x00000000000001c8       0x34 c:/st/stm32cubeide_1.2.0/stm32cubeide/plugins/com.st.stm32cube.ide.mcu.externaltools.gnu-tools-for-stm32.7-2018-q2-update.win32_1.0.0.201904181610/tools/bin/../lib/gcc/arm-none-eabi/7.3.1/../../../../arm-none-eabi/lib/thumb/v7e-m/fpv4-sp/hard\libc_nano.a(lib_a-fflush.o)
 .ARM.attributes
                0x00000000000001fc       0x34 c:/st/stm32cubeide_1.2.0/stm32cubeide/plugins/com.st.stm32cube.ide.mcu.externaltools.gnu-tools-for-stm32.7-2018-q2-update.win32_1.0.0.201904181610/tools/bin/../lib/gcc/arm-none-eabi/7.3.1/../../../../arm-none-eabi/lib/thumb/v7e-m/fpv4-sp/hard\libc_nano.a(lib_a-findfp.o)
 .ARM.attributes
                0x0000000000000230       0x34 c:/st/stm32cubeide_1.2.0/stm32cubeide/plugins/com.st.stm32cube.ide.mcu.externaltools.gnu-tools-for-stm32.7-2018-q2-update.win32_1.0.0.201904181610/tools/bin/../lib/gcc/arm-none-eabi/7.3.1/../../../../arm-none-eabi/lib/thumb/v7e-m/fpv4-sp/hard\libc_nano.a(lib_a-fwalk.o)
 .ARM.attributes
                0x0000000000000264       0x34 c:/st/stm32cubeide_1.2.0/stm32cubeide/plugins/com.st.stm32cube.ide.mcu.externaltools.gnu-tools-for-stm32.7-2018-q2-update.win32_1.0.0.201904181610/tools/bin/../lib/gcc/arm-none-eabi/7.3.1/../../../../arm-none-eabi/lib/thumb/v7e-m/fpv4-sp/hard\libc_nano.a(lib_a-impure.o)
 .ARM.attributes
                0x0000000000000298       0x34 c:/st/stm32cubeide_1.2.0/stm32cubeide/plugins/com.st.stm32cube.ide.mcu.externaltools.gnu-tools-for-stm32.7-2018-q2-update.win32_1.0.0.201904181610/tools/bin/../lib/gcc/arm-none-eabi/7.3.1/../../../../arm-none-eabi/lib/thumb/v7e-m/fpv4-sp/hard\libc_nano.a(lib_a-init.o)
 .ARM.attributes
                0x00000000000002cc       0x34 c:/st/stm32cubeide_1.2.0/stm32cubeide/plugins/com.st.stm32cube.ide.mcu.externaltools.gnu-tools-for-stm32.7-2018-q2-update.win32_1.0.0.201904181610/tools/bin/../lib/gcc/arm-none-eabi/7.3.1/../../../../arm-none-eabi/lib/thumb/v7e-m/fpv4-sp/hard\libc_nano.a(lib_a-memset.o)
 .ARM.attributes
                0x0000000000000300       0x34 c:/st/stm32cubeide_1.2.0/stm32cubeide/plugins/com.st.stm32cube.ide.mcu.externaltools.gnu-tools-for-stm32.7-2018-q2-update.win32_1.0.0.201904181610/tools/bin/../lib/gcc/arm-none-eabi/7.3.1/../../../../arm-none-eabi/lib/thumb/v7e-m/fpv4-sp/hard\libc_nano.a(lib_a-nano-freer.o)
 .ARM.attributes
                0x0000000000000334       0x34 c:/st/stm32cubeide_1.2.0/stm32cubeide/plugins/com.st.stm32cube.ide.mcu.externaltools.gnu-tools-for-stm32.7-2018-q2-update.win32_1.0.0.201904181610/tools/bin/../lib/gcc/arm-none-eabi/7.3.1/../../../../arm-none-eabi/lib/thumb/v7e-m/fpv4-sp/hard\libc_nano.a(lib_a-nano-mallocr.o)
 .ARM.attributes
                0x0000000000000368       0x34 c:/st/stm32cubeide_1.2.0/stm32cubeide/plugins/com.st.stm32cube.ide.mcu.externaltools.gnu-tools-for-stm32.7-2018-q2-update.win32_1.0.0.201904181610/tools/bin/../lib/gcc/arm-none-eabi/7.3.1/../../../../arm-none-eabi/lib/thumb/v7e-m/fpv4-sp/hard\libc_nano.a(lib_a-printf.o)
 .ARM.attributes
                0x000000000000039c       0x34 c:/st/stm32cubeide_1.2.0/stm32cubeide/plugins/com.st.stm32cube.ide.mcu.externaltools.gnu-tools-for-stm32.7-2018-q2-update.win32_1.0.0.201904181610/tools/bin/../lib/gcc/arm-none-eabi/7.3.1/../../../../arm-none-eabi/lib/thumb/v7e-m/fpv4-sp/hard\libc_nano.a(lib_a-sbrkr.o)
 .ARM.attributes
                0x00000000000003d0       0x34 c:/st/stm32cubeide_1.2.0/stm32cubeide/plugins/com.st.stm32cube.ide.mcu.externaltools.gnu-tools-for-stm32.7-2018-q2-update.win32_1.0.0.201904181610/tools/bin/../lib/gcc/arm-none-eabi/7.3.1/../../../../arm-none-eabi/lib/thumb/v7e-m/fpv4-sp/hard\libc_nano.a(lib_a-stdio.o)
 .ARM.attributes
                0x0000000000000404       0x34 c:/st/stm32cubeide_1.2.0/stm32cubeide/plugins/com.st.stm32cube.ide.mcu.externaltools.gnu-tools-for-stm32.7-2018-q2-update.win32_1.0.0.201904181610/tools/bin/../lib/gcc/arm-none-eabi/7.3.1/../../../../arm-none-eabi/lib/thumb/v7e-m/fpv4-sp/hard\libc_nano.a(lib_a-writer.o)
 .ARM.attributes
                0x0000000000000438       0x34 c:/st/stm32cubeide_1.2.0/stm32cubeide/plugins/com.st.stm32cube.ide.mcu.externaltools.gnu-tools-for-stm32.7-2018-q2-update.win32_1.0.0.201904181610/tools/bin/../lib/gcc/arm-none-eabi/7.3.1/../../../../arm-none-eabi/lib/thumb/v7e-m/fpv4-sp/hard\libc_nano.a(lib_a-closer.o)
 .ARM.attributes
                0x000000000000046c       0x34 c:/st/stm32cubeide_1.2.0/stm32cubeide/plugins/com.st.stm32cube.ide.mcu.externaltools.gnu-tools-for-stm32.7-2018-q2-update.win32_1.0.0.201904181610/tools/bin/../lib/gcc/arm-none-eabi/7.3.1/../../../../arm-none-eabi/lib/thumb/v7e-m/fpv4-sp/hard\libc_nano.a(lib_a-lseekr.o)
 .ARM.attributes
                0x00000000000004a0       0x34 c:/st/stm32cubeide_1.2.0/stm32cubeide/plugins/com.st.stm32cube.ide.mcu.externaltools.gnu-tools-for-stm32.7-2018-q2-update.win32_1.0.0.201904181610/tools/bin/../lib/gcc/arm-none-eabi/7.3.1/../../../../arm-none-eabi/lib/thumb/v7e-m/fpv4-sp/hard\libc_nano.a(lib_a-mlock.o)
 .ARM.attributes
                0x00000000000004d4       0x34 c:/st/stm32cubeide_1.2.0/stm32cubeide/plugins/com.st.stm32cube.ide.mcu.externaltools.gnu-tools-for-stm32.7-2018-q2-update.win32_1.0.0.201904181610/tools/bin/../lib/gcc/arm-none-eabi/7.3.1/../../../../arm-none-eabi/lib/thumb/v7e-m/fpv4-sp/hard\libc_nano.a(lib_a-nano-vfprintf.o)
 .ARM.attributes
                0x0000000000000508       0x34 c:/st/stm32cubeide_1.2.0/stm32cubeide/plugins/com.st.stm32cube.ide.mcu.externaltools.gnu-tools-for-stm32.7-2018-q2-update.win32_1.0.0.201904181610/tools/bin/../lib/gcc/arm-none-eabi/7.3.1/../../../../arm-none-eabi/lib/thumb/v7e-m/fpv4-sp/hard\libc_nano.a(lib_a-nano-vfprintf_i.o)
 .ARM.attributes
                0x000000000000053c       0x34 c:/st/stm32cubeide_1.2.0/stm32cubeide/plugins/com.st.stm32cube.ide.mcu.externaltools.gnu-tools-for-stm32.7-2018-q2-update.win32_1.0.0.201904181610/tools/bin/../lib/gcc/arm-none-eabi/7.3.1/../../../../arm-none-eabi/lib/thumb/v7e-m/fpv4-sp/hard\libc_nano.a(lib_a-readr.o)
 .ARM.attributes
                0x0000000000000570       0x34 c:/st/stm32cubeide_1.2.0/stm32cubeide/plugins/com.st.stm32cube.ide.mcu.externaltools.gnu-tools-for-stm32.7-2018-q2-update.win32_1.0.0.201904181610/tools/bin/../lib/gcc/arm-none-eabi/7.3.1/../../../../arm-none-eabi/lib/thumb/v7e-m/fpv4-sp/hard\libc_nano.a(lib_a-reent.o)
 .ARM.attributes
                0x00000000000005a4       0x34 c:/st/stm32cubeide_1.2.0/stm32cubeide/plugins/com.st.stm32cube.ide.mcu.externaltools.gnu-tools-for-stm32.7-2018-q2-update.win32_1.0.0.201904181610/tools/bin/../lib/gcc/arm-none-eabi/7.3.1/../../../../arm-none-eabi/lib/thumb/v7e-m/fpv4-sp/hard\libc_nano.a(lib_a-wbuf.o)
 .ARM.attributes
                0x00000000000005d8       0x34 c:/st/stm32cubeide_1.2.0/stm32cubeide/plugins/com.st.stm32cube.ide.mcu.externaltools.gnu-tools-for-stm32.7-2018-q2-update.win32_1.0.0.201904181610/tools/bin/../lib/gcc/arm-none-eabi/7.3.1/../../../../arm-none-eabi/lib/thumb/v7e-m/fpv4-sp/hard\libc_nano.a(lib_a-wsetup.o)
 .ARM.attributes
                0x000000000000060c       0x34 c:/st/stm32cubeide_1.2.0/stm32cubeide/plugins/com.st.stm32cube.ide.mcu.externaltools.gnu-tools-for-stm32.7-2018-q2-update.win32_1.0.0.201904181610/tools/bin/../lib/gcc/arm-none-eabi/7.3.1/../../../../arm-none-eabi/lib/thumb/v7e-m/fpv4-sp/hard\libc_nano.a(lib_a-makebuf.o)
 .ARM.attributes
                0x0000000000000640       0x20 c:/st/stm32cubeide_1.2.0/stm32cubeide/plugins/com.st.stm32cube.ide.mcu.externaltools.gnu-tools-for-stm32.7-2018-q2-update.win32_1.0.0.201904181610/tools/bin/../lib/gcc/arm-none-eabi/7.3.1/../../../../arm-none-eabi/lib/thumb/v7e-m/fpv4-sp/hard\libc_nano.a(lib_a-memchr.o)
 .ARM.attributes
                0x0000000000000660       0x34 c:/st/stm32cubeide_1.2.0/stm32cubeide/plugins/com.st.stm32cube.ide.mcu.externaltools.gnu-tools-for-stm32.7-2018-q2-update.win32_1.0.0.201904181610/tools/bin/../lib/gcc/arm-none-eabi/7.3.1/../../../../arm-none-eabi/lib/thumb/v7e-m/fpv4-sp/hard\libc_nano.a(lib_a-fstatr.o)
 .ARM.attributes
                0x0000000000000694       0x34 c:/st/stm32cubeide_1.2.0/stm32cubeide/plugins/com.st.stm32cube.ide.mcu.externaltools.gnu-tools-for-stm32.7-2018-q2-update.win32_1.0.0.201904181610/tools/bin/../lib/gcc/arm-none-eabi/7.3.1/../../../../arm-none-eabi/lib/thumb/v7e-m/fpv4-sp/hard\libc_nano.a(lib_a-isattyr.o)
 .ARM.attributes
                0x00000000000006c8       0x22 c:/st/stm32cubeide_1.2.0/stm32cubeide/plugins/com.st.stm32cube.ide.mcu.externaltools.gnu-tools-for-stm32.7-2018-q2-update.win32_1.0.0.201904181610/tools/bin/../lib/gcc/arm-none-eabi/7.3.1/thumb/v7e-m/fpv4-sp/hard/crtn.o
OUTPUT(stm32f4xx_drivers.elf elf32-littlearm)

.debug_info     0x0000000000000000     0x4426
 .debug_info    0x0000000000000000     0x13dd Src/009command_spi_it.o
 .debug_info    0x00000000000013dd      0xefd Src/syscalls.o
 .debug_info    0x00000000000022da      0x91c Src/sysmem.o
 .debug_info    0x0000000000002bf6       0x22 Startup/startup_stm32f407vgtx.o
 .debug_info    0x0000000000002c18      0x6e7 drivers/Src/stm32f407xx_gpio_driver.o
 .debug_info    0x00000000000032ff     0x1127 drivers/Src/stm32f407xx_spi_driver.o

.debug_abbrev   0x0000000000000000      0xb24
 .debug_abbrev  0x0000000000000000      0x318 Src/009command_spi_it.o
 .debug_abbrev  0x0000000000000318      0x279 Src/syscalls.o
 .debug_abbrev  0x0000000000000591      0x1bb Src/sysmem.o
 .debug_abbrev  0x000000000000074c       0x12 Startup/startup_stm32f407vgtx.o
 .debug_abbrev  0x000000000000075e      0x159 drivers/Src/stm32f407xx_gpio_driver.o
 .debug_abbrev  0x00000000000008b7      0x26d drivers/Src/stm32f407xx_spi_driver.o

.debug_aranges  0x0000000000000000      0x2a8
 .debug_aranges
                0x0000000000000000       0x78 Src/009command_spi_it.o
 .debug_aranges
                0x0000000000000078       0xb0 Src/syscalls.o
 .debug_aranges
                0x0000000000000128       0x20 Src/sysmem.o
 .debug_aranges
                0x0000000000000148       0x28 Startup/startup_stm32f407vgtx.o
 .debug_aranges
                0x0000000000000170       0x70 drivers/Src/stm32f407xx_gpio_driver.o
 .debug_aranges
                0x00000000000001e0       0xc8 drivers/Src/stm32f407xx_spi_driver.o

.debug_ranges   0x0000000000000000      0x250
 .debug_ranges  0x0000000000000000       0x68 Src/009command_spi_it.o
 .debug_ranges  0x0000000000000068       0xa0 Src/syscalls.o
 .debug_ranges  0x0000000000000108       0x10 Src/sysmem.o
 .debug_ranges  0x0000000000000118       0x20 Startup/startup_stm32f407vgtx.o
 .debug_ranges  0x0000000000000138       0x60 drivers/Src/stm32f407xx_gpio_driver.o
 .debug_ranges  0x0000000000000198       0xb8 drivers/Src/stm32f407xx_spi_driver.o

.debug_macro    0x0000000000000000     0xd6cd
 .debug_macro   0x0000000000000000      0x2b0 Src/009command_spi_it.o
 .debug_macro   0x00000000000002b0      0xa6c Src/009command_spi_it.o
 .debug_macro   0x0000000000000d1c       0x22 Src/009command_spi_it.o
 .debug_macro   0x0000000000000d3e       0x40 Src/009command_spi_it.o
 .debug_macro   0x0000000000000d7e       0x18 Src/009command_spi_it.o
 .debug_macro   0x0000000000000d96       0x94 Src/009command_spi_it.o
 .debug_macro   0x0000000000000e2a       0x3c Src/009command_spi_it.o
 .debug_macro   0x0000000000000e66       0x34 Src/009command_spi_it.o
 .debug_macro   0x0000000000000e9a       0x16 Src/009command_spi_it.o
 .debug_macro   0x0000000000000eb0       0x57 Src/009command_spi_it.o
 .debug_macro   0x0000000000000f07       0x97 Src/009command_spi_it.o
 .debug_macro   0x0000000000000f9e      0x330 Src/009command_spi_it.o
 .debug_macro   0x00000000000012ce       0xfd Src/009command_spi_it.o
 .debug_macro   0x00000000000013cb       0x10 Src/009command_spi_it.o
 .debug_macro   0x00000000000013db       0x52 Src/009command_spi_it.o
 .debug_macro   0x000000000000142d       0x1f Src/009command_spi_it.o
 .debug_macro   0x000000000000144c       0x43 Src/009command_spi_it.o
 .debug_macro   0x000000000000148f       0x20 Src/009command_spi_it.o
 .debug_macro   0x00000000000014af      0x1a3 Src/009command_spi_it.o
 .debug_macro   0x0000000000001652       0x10 Src/009command_spi_it.o
 .debug_macro   0x0000000000001662       0x6a Src/009command_spi_it.o
 .debug_macro   0x00000000000016cc       0x1c Src/009command_spi_it.o
 .debug_macro   0x00000000000016e8       0x52 Src/009command_spi_it.o
 .debug_macro   0x000000000000173a       0x40 Src/009command_spi_it.o
 .debug_macro   0x000000000000177a       0x10 Src/009command_spi_it.o
 .debug_macro   0x000000000000178a       0x40 Src/009command_spi_it.o
 .debug_macro   0x00000000000017ca       0xd7 Src/009command_spi_it.o
 .debug_macro   0x00000000000018a1       0x1c Src/009command_spi_it.o
 .debug_macro   0x00000000000018bd       0x3d Src/009command_spi_it.o
 .debug_macro   0x00000000000018fa       0x16 Src/009command_spi_it.o
 .debug_macro   0x0000000000001910      0x145 Src/009command_spi_it.o
 .debug_macro   0x0000000000001a55       0x16 Src/009command_spi_it.o
 .debug_macro   0x0000000000001a6b       0x35 Src/009command_spi_it.o
 .debug_macro   0x0000000000001aa0       0x20 Src/009command_spi_it.o
 .debug_macro   0x0000000000001ac0       0xef Src/009command_spi_it.o
 .debug_macro   0x0000000000001baf      0x1df Src/009command_spi_it.o
 .debug_macro   0x0000000000001d8e      0x464 Src/009command_spi_it.o
 .debug_macro   0x00000000000021f2       0xc4 Src/009command_spi_it.o
 .debug_macro   0x00000000000022b6       0xb2 Src/009command_spi_it.o
 .debug_macro   0x0000000000002368       0x6b Src/009command_spi_it.o
 .debug_macro   0x00000000000023d3       0x3b Src/009command_spi_it.o
 .debug_macro   0x000000000000240e       0x34 Src/009command_spi_it.o
 .debug_macro   0x0000000000002442       0x26 Src/009command_spi_it.o
 .debug_macro   0x0000000000002468      0xe43 Src/009command_spi_it.o
 .debug_macro   0x00000000000032ab     0x9183 Src/009command_spi_it.o
 .debug_macro   0x000000000000c42e      0x255 Src/syscalls.o
 .debug_macro   0x000000000000c683      0x174 Src/syscalls.o
 .debug_macro   0x000000000000c7f7       0x10 Src/syscalls.o
 .debug_macro   0x000000000000c807       0x10 Src/syscalls.o
 .debug_macro   0x000000000000c817       0x10 Src/syscalls.o
 .debug_macro   0x000000000000c827       0x35 Src/syscalls.o
 .debug_macro   0x000000000000c85c      0x122 Src/syscalls.o
 .debug_macro   0x000000000000c97e       0x16 Src/syscalls.o
 .debug_macro   0x000000000000c994       0x16 Src/syscalls.o
 .debug_macro   0x000000000000c9aa       0x29 Src/syscalls.o
 .debug_macro   0x000000000000c9d3       0x10 Src/syscalls.o
 .debug_macro   0x000000000000c9e3      0x241 Src/syscalls.o
 .debug_macro   0x000000000000cc24       0x1c Src/syscalls.o
 .debug_macro   0x000000000000cc40       0x10 Src/syscalls.o
 .debug_macro   0x000000000000cc50      0x189 Src/syscalls.o
 .debug_macro   0x000000000000cdd9       0x16 Src/syscalls.o
 .debug_macro   0x000000000000cdef       0x88 Src/syscalls.o
 .debug_macro   0x000000000000ce77      0x1ae Src/sysmem.o
 .debug_macro   0x000000000000d025      0x23b Src/sysmem.o
 .debug_macro   0x000000000000d260       0xa3 drivers/Src/stm32f407xx_gpio_driver.o
 .debug_macro   0x000000000000d303       0x8e drivers/Src/stm32f407xx_gpio_driver.o
 .debug_macro   0x000000000000d391       0x51 drivers/Src/stm32f407xx_gpio_driver.o
 .debug_macro   0x000000000000d3e2       0xac drivers/Src/stm32f407xx_gpio_driver.o
 .debug_macro   0x000000000000d48e      0x1f9 drivers/Src/stm32f407xx_spi_driver.o
 .debug_macro   0x000000000000d687       0x46 drivers/Src/stm32f407xx_spi_driver.o

.debug_line     0x0000000000000000     0x2523
 .debug_line    0x0000000000000000      0x8cc Src/009command_spi_it.o
 .debug_line    0x00000000000008cc      0x759 Src/syscalls.o
 .debug_line    0x0000000000001025      0x559 Src/sysmem.o
 .debug_line    0x000000000000157e       0x84 Startup/startup_stm32f407vgtx.o
 .debug_line    0x0000000000001602      0x672 drivers/Src/stm32f407xx_gpio_driver.o
 .debug_line    0x0000000000001c74      0x8af drivers/Src/stm32f407xx_spi_driver.o

.debug_str      0x0000000000000000    0x443e2
 .debug_str     0x0000000000000000    0x42ced Src/009command_spi_it.o
                                      0x42fc6 (size before relaxing)
 .debug_str     0x0000000000042ced     0x127b Src/syscalls.o
                                       0x8982 (size before relaxing)
 .debug_str     0x0000000000043f68       0x31 Src/sysmem.o
                                       0x7b20 (size before relaxing)
 .debug_str     0x0000000000043f99       0x31 Startup/startup_stm32f407vgtx.o
                                         0x7d (size before relaxing)
 .debug_str     0x0000000000043fca      0x279 drivers/Src/stm32f407xx_gpio_driver.o
                                       0x6514 (size before relaxing)
 .debug_str     0x0000000000044243      0x19f drivers/Src/stm32f407xx_spi_driver.o
                                       0xa67b (size before relaxing)

.comment        0x0000000000000000       0x7b
 .comment       0x0000000000000000       0x7b Src/009command_spi_it.o
                                         0x7c (size before relaxing)
 .comment       0x000000000000007b       0x7c Src/syscalls.o
 .comment       0x000000000000007b       0x7c Src/sysmem.o
 .comment       0x000000000000007b       0x7c drivers/Src/stm32f407xx_gpio_driver.o
 .comment       0x000000000000007b       0x7c drivers/Src/stm32f407xx_spi_driver.o

.debug_frame    0x0000000000000000     0x1114
 .debug_frame   0x0000000000000000      0x1b0 Src/009command_spi_it.o
 .debug_frame   0x00000000000001b0      0x2d4 Src/syscalls.o
 .debug_frame   0x0000000000000484       0x34 Src/sysmem.o
 .debug_frame   0x00000000000004b8      0x1c8 drivers/Src/stm32f407xx_gpio_driver.o
 .debug_frame   0x0000000000000680      0x360 drivers/Src/stm32f407xx_spi_driver.o
 .debug_frame   0x00000000000009e0       0x20 c:/st/stm32cubeide_1.2.0/stm32cubeide/plugins/com.st.stm32cube.ide.mcu.externaltools.gnu-tools-for-stm32.7-2018-q2-update.win32_1.0.0.201904181610/tools/bin/../lib/gcc/arm-none-eabi/7.3.1/../../../../arm-none-eabi/lib/thumb/v7e-m/fpv4-sp/hard\libc_nano.a(lib_a-errno.o)
 .debug_frame   0x0000000000000a00       0x68 c:/st/stm32cubeide_1.2.0/stm32cubeide/plugins/com.st.stm32cube.ide.mcu.externaltools.gnu-tools-for-stm32.7-2018-q2-update.win32_1.0.0.201904181610/tools/bin/../lib/gcc/arm-none-eabi/7.3.1/../../../../arm-none-eabi/lib/thumb/v7e-m/fpv4-sp/hard\libc_nano.a(lib_a-fflush.o)
 .debug_frame   0x0000000000000a68      0x11c c:/st/stm32cubeide_1.2.0/stm32cubeide/plugins/com.st.stm32cube.ide.mcu.externaltools.gnu-tools-for-stm32.7-2018-q2-update.win32_1.0.0.201904181610/tools/bin/../lib/gcc/arm-none-eabi/7.3.1/../../../../arm-none-eabi/lib/thumb/v7e-m/fpv4-sp/hard\libc_nano.a(lib_a-findfp.o)
 .debug_frame   0x0000000000000b84       0x54 c:/st/stm32cubeide_1.2.0/stm32cubeide/plugins/com.st.stm32cube.ide.mcu.externaltools.gnu-tools-for-stm32.7-2018-q2-update.win32_1.0.0.201904181610/tools/bin/../lib/gcc/arm-none-eabi/7.3.1/../../../../arm-none-eabi/lib/thumb/v7e-m/fpv4-sp/hard\libc_nano.a(lib_a-fwalk.o)
 .debug_frame   0x0000000000000bd8       0x2c c:/st/stm32cubeide_1.2.0/stm32cubeide/plugins/com.st.stm32cube.ide.mcu.externaltools.gnu-tools-for-stm32.7-2018-q2-update.win32_1.0.0.201904181610/tools/bin/../lib/gcc/arm-none-eabi/7.3.1/../../../../arm-none-eabi/lib/thumb/v7e-m/fpv4-sp/hard\libc_nano.a(lib_a-init.o)
 .debug_frame   0x0000000000000c04       0x20 c:/st/stm32cubeide_1.2.0/stm32cubeide/plugins/com.st.stm32cube.ide.mcu.externaltools.gnu-tools-for-stm32.7-2018-q2-update.win32_1.0.0.201904181610/tools/bin/../lib/gcc/arm-none-eabi/7.3.1/../../../../arm-none-eabi/lib/thumb/v7e-m/fpv4-sp/hard\libc_nano.a(lib_a-memset.o)
 .debug_frame   0x0000000000000c24       0x38 c:/st/stm32cubeide_1.2.0/stm32cubeide/plugins/com.st.stm32cube.ide.mcu.externaltools.gnu-tools-for-stm32.7-2018-q2-update.win32_1.0.0.201904181610/tools/bin/../lib/gcc/arm-none-eabi/7.3.1/../../../../arm-none-eabi/lib/thumb/v7e-m/fpv4-sp/hard\libc_nano.a(lib_a-nano-freer.o)
 .debug_frame   0x0000000000000c5c       0x2c c:/st/stm32cubeide_1.2.0/stm32cubeide/plugins/com.st.stm32cube.ide.mcu.externaltools.gnu-tools-for-stm32.7-2018-q2-update.win32_1.0.0.201904181610/tools/bin/../lib/gcc/arm-none-eabi/7.3.1/../../../../arm-none-eabi/lib/thumb/v7e-m/fpv4-sp/hard\libc_nano.a(lib_a-nano-mallocr.o)
 .debug_frame   0x0000000000000c88       0x74 c:/st/stm32cubeide_1.2.0/stm32cubeide/plugins/com.st.stm32cube.ide.mcu.externaltools.gnu-tools-for-stm32.7-2018-q2-update.win32_1.0.0.201904181610/tools/bin/../lib/gcc/arm-none-eabi/7.3.1/../../../../arm-none-eabi/lib/thumb/v7e-m/fpv4-sp/hard\libc_nano.a(lib_a-printf.o)
 .debug_frame   0x0000000000000cfc       0x2c c:/st/stm32cubeide_1.2.0/stm32cubeide/plugins/com.st.stm32cube.ide.mcu.externaltools.gnu-tools-for-stm32.7-2018-q2-update.win32_1.0.0.201904181610/tools/bin/../lib/gcc/arm-none-eabi/7.3.1/../../../../arm-none-eabi/lib/thumb/v7e-m/fpv4-sp/hard\libc_nano.a(lib_a-sbrkr.o)
 .debug_frame   0x0000000000000d28       0x88 c:/st/stm32cubeide_1.2.0/stm32cubeide/plugins/com.st.stm32cube.ide.mcu.externaltools.gnu-tools-for-stm32.7-2018-q2-update.win32_1.0.0.201904181610/tools/bin/../lib/gcc/arm-none-eabi/7.3.1/../../../../arm-none-eabi/lib/thumb/v7e-m/fpv4-sp/hard\libc_nano.a(lib_a-stdio.o)
 .debug_frame   0x0000000000000db0       0x2c c:/st/stm32cubeide_1.2.0/stm32cubeide/plugins/com.st.stm32cube.ide.mcu.externaltools.gnu-tools-for-stm32.7-2018-q2-update.win32_1.0.0.201904181610/tools/bin/../lib/gcc/arm-none-eabi/7.3.1/../../../../arm-none-eabi/lib/thumb/v7e-m/fpv4-sp/hard\libc_nano.a(lib_a-writer.o)
 .debug_frame   0x0000000000000ddc       0x2c c:/st/stm32cubeide_1.2.0/stm32cubeide/plugins/com.st.stm32cube.ide.mcu.externaltools.gnu-tools-for-stm32.7-2018-q2-update.win32_1.0.0.201904181610/tools/bin/../lib/gcc/arm-none-eabi/7.3.1/../../../../arm-none-eabi/lib/thumb/v7e-m/fpv4-sp/hard\libc_nano.a(lib_a-closer.o)
 .debug_frame   0x0000000000000e08       0x2c c:/st/stm32cubeide_1.2.0/stm32cubeide/plugins/com.st.stm32cube.ide.mcu.externaltools.gnu-tools-for-stm32.7-2018-q2-update.win32_1.0.0.201904181610/tools/bin/../lib/gcc/arm-none-eabi/7.3.1/../../../../arm-none-eabi/lib/thumb/v7e-m/fpv4-sp/hard\libc_nano.a(lib_a-lseekr.o)
 .debug_frame   0x0000000000000e34       0x30 c:/st/stm32cubeide_1.2.0/stm32cubeide/plugins/com.st.stm32cube.ide.mcu.externaltools.gnu-tools-for-stm32.7-2018-q2-update.win32_1.0.0.201904181610/tools/bin/../lib/gcc/arm-none-eabi/7.3.1/../../../../arm-none-eabi/lib/thumb/v7e-m/fpv4-sp/hard\libc_nano.a(lib_a-mlock.o)
 .debug_frame   0x0000000000000e64       0xac c:/st/stm32cubeide_1.2.0/stm32cubeide/plugins/com.st.stm32cube.ide.mcu.externaltools.gnu-tools-for-stm32.7-2018-q2-update.win32_1.0.0.201904181610/tools/bin/../lib/gcc/arm-none-eabi/7.3.1/../../../../arm-none-eabi/lib/thumb/v7e-m/fpv4-sp/hard\libc_nano.a(lib_a-nano-vfprintf.o)
 .debug_frame   0x0000000000000f10       0x60 c:/st/stm32cubeide_1.2.0/stm32cubeide/plugins/com.st.stm32cube.ide.mcu.externaltools.gnu-tools-for-stm32.7-2018-q2-update.win32_1.0.0.201904181610/tools/bin/../lib/gcc/arm-none-eabi/7.3.1/../../../../arm-none-eabi/lib/thumb/v7e-m/fpv4-sp/hard\libc_nano.a(lib_a-nano-vfprintf_i.o)
 .debug_frame   0x0000000000000f70       0x2c c:/st/stm32cubeide_1.2.0/stm32cubeide/plugins/com.st.stm32cube.ide.mcu.externaltools.gnu-tools-for-stm32.7-2018-q2-update.win32_1.0.0.201904181610/tools/bin/../lib/gcc/arm-none-eabi/7.3.1/../../../../arm-none-eabi/lib/thumb/v7e-m/fpv4-sp/hard\libc_nano.a(lib_a-readr.o)
 .debug_frame   0x0000000000000f9c       0x5c c:/st/stm32cubeide_1.2.0/stm32cubeide/plugins/com.st.stm32cube.ide.mcu.externaltools.gnu-tools-for-stm32.7-2018-q2-update.win32_1.0.0.201904181610/tools/bin/../lib/gcc/arm-none-eabi/7.3.1/../../../../arm-none-eabi/lib/thumb/v7e-m/fpv4-sp/hard\libc_nano.a(lib_a-reent.o)
 .debug_frame   0x0000000000000ff8       0x40 c:/st/stm32cubeide_1.2.0/stm32cubeide/plugins/com.st.stm32cube.ide.mcu.externaltools.gnu-tools-for-stm32.7-2018-q2-update.win32_1.0.0.201904181610/tools/bin/../lib/gcc/arm-none-eabi/7.3.1/../../../../arm-none-eabi/lib/thumb/v7e-m/fpv4-sp/hard\libc_nano.a(lib_a-wbuf.o)
 .debug_frame   0x0000000000001038       0x2c c:/st/stm32cubeide_1.2.0/stm32cubeide/plugins/com.st.stm32cube.ide.mcu.externaltools.gnu-tools-for-stm32.7-2018-q2-update.win32_1.0.0.201904181610/tools/bin/../lib/gcc/arm-none-eabi/7.3.1/../../../../arm-none-eabi/lib/thumb/v7e-m/fpv4-sp/hard\libc_nano.a(lib_a-wsetup.o)
 .debug_frame   0x0000000000001064       0x58 c:/st/stm32cubeide_1.2.0/stm32cubeide/plugins/com.st.stm32cube.ide.mcu.externaltools.gnu-tools-for-stm32.7-2018-q2-update.win32_1.0.0.201904181610/tools/bin/../lib/gcc/arm-none-eabi/7.3.1/../../../../arm-none-eabi/lib/thumb/v7e-m/fpv4-sp/hard\libc_nano.a(lib_a-makebuf.o)
 .debug_frame   0x00000000000010bc       0x2c c:/st/stm32cubeide_1.2.0/stm32cubeide/plugins/com.st.stm32cube.ide.mcu.externaltools.gnu-tools-for-stm32.7-2018-q2-update.win32_1.0.0.201904181610/tools/bin/../lib/gcc/arm-none-eabi/7.3.1/../../../../arm-none-eabi/lib/thumb/v7e-m/fpv4-sp/hard\libc_nano.a(lib_a-fstatr.o)
 .debug_frame   0x00000000000010e8       0x2c c:/st/stm32cubeide_1.2.0/stm32cubeide/plugins/com.st.stm32cube.ide.mcu.externaltools.gnu-tools-for-stm32.7-2018-q2-update.win32_1.0.0.201904181610/tools/bin/../lib/gcc/arm-none-eabi/7.3.1/../../../../arm-none-eabi/lib/thumb/v7e-m/fpv4-sp/hard\libc_nano.a(lib_a-isattyr.o)
