stm32f407xx_spi_driver.c:22:6:SPI_PeriClockControl	16	static
stm32f407xx_spi_driver.c:47:6:SPI_Init	24	static
stm32f407xx_spi_driver.c:92:6:SPI_Deinit	16	static
stm32f407xx_spi_driver.c:106:6:SPI_SendData	24	static
stm32f407xx_spi_driver.c:128:6:SPI_SendArgs	24	static
stm32f407xx_spi_driver.c:150:6:SPI_Receive	24	static
stm32f407xx_spi_driver.c:177:6:SPI_IRQInterruptConfig	16	static
stm32f407xx_spi_driver.c:212:6:SPI_IRQPriorityConfig	24	static
stm32f407xx_spi_driver.c:224:6:SPI_PeripheralControl	16	static
stm32f407xx_spi_driver.c:234:6:SPI_SSIConfig	16	static
stm32f407xx_spi_driver.c:245:6:SPI_SSOEConfig	16	static
stm32f407xx_spi_driver.c:256:9:SPI_GetStatus	16	static
stm32f407xx_spi_driver.c:266:9:SPI_SendArgsIT	32	static
stm32f407xx_spi_driver.c:293:9:SPI_SendDataIT	32	static
stm32f407xx_spi_driver.c:319:9:SPI_ReceiveIT	32	static
stm32f407xx_spi_driver.c:348:13:spi_txe_handle	16	static
stm32f407xx_spi_driver.c:378:13:spi_rxe_handle	16	static
stm32f407xx_spi_driver.c:402:13:spi_ovr_handle	24	static
stm32f407xx_spi_driver.c:416:6:SPI_IRQHandling	24	static
stm32f407xx_spi_driver.c:452:6:SPI_ClearOVR	24	static
stm32f407xx_spi_driver.c:460:6:SPI_CloseTransmission	16	static
stm32f407xx_spi_driver.c:467:6:SPI_CloseReception	16	static
